This is a test of the WinSupportLib time function

GetSystemTimeAsFileTime Friday, June 14, 2002 11:42:14 AM

